[Daniels-MacBook-Pro-864.local:27893] opal_ifinit: getifaddrs() failed with error=1
[Daniels-MacBook-Pro-864.local:27893] pmix_ifinit: getifaddrs() failed with error=1
[Daniels-MacBook-Pro-864.local:27893] pmix_ifinit: getifaddrs() failed with error=1
    0 KSP Residual norm 9.060417882786e-04
    1 KSP Residual norm 1.395249235317e-04
    2 KSP Residual norm 1.304211171590e-06
    3 KSP Residual norm 4.925432854157e-08
    4 KSP Residual norm 7.186231035266e-10
done on 513 x 513 grid ...
  errors |v-vex|_2/|vex|_2 = 5.19804e-05, |u-uex|_2/|uex|_2 = 1.16587e-04
****************************************************************************************************************************************************************
***                                WIDEN YOUR WINDOW TO 160 CHARACTERS.  Use 'enscript -r -fCourier9' to print this document                                 ***
****************************************************************************************************************************************************************

------------------------------------------------------------------ PETSc Performance Summary: ------------------------------------------------------------------

./biharm on a apma4302-pkgs-opt named Daniels-MacBook-Pro-864.local with 1 process, by dan on Sat Apr 25 15:12:49 2026
Using PETSc Development Git Revision: v3.24.4-530-g65c6dbde5b7 Git Date: 2026-02-24 17:10:46 +0000

                         Max       Max/Min     Avg       Total
Time (sec):           7.512e-01     1.000   7.512e-01
Objects:              0.000e+00     0.000   0.000e+00
Flops:                8.272e+08     1.000   8.272e+08  8.272e+08
Flops/sec:            1.101e+09     1.000   1.101e+09  1.101e+09
MPI Msg Count:        0.000e+00     0.000   0.000e+00  0.000e+00
MPI Msg Len (bytes):  1.200e+01     1.000   0.000e+00  1.200e+01
MPI Reductions:       1.000e+00     1.000

Flop counting convention: 1 flop = 1 real number operation of type (multiply/divide/add/subtract)
                            e.g., VecAXPY() for real vectors of length N --> 2N flops
                            and VecAXPY() for complex vectors of length N --> 8N flops

Summary of Stages:   ----- Time ------  ----- Flop ------  --- Messages ---  -- Message Lengths --  -- Reductions --
                        Avg     %Total     Avg     %Total    Count   %Total     Avg         %Total    Count   %Total
 0:      Main Stage: 7.5118e-01 100.0%  8.2718e+08 100.0%  0.000e+00   0.0%  0.000e+00      100.0%  1.000e+00 100.0%

------------------------------------------------------------------------------------------------------------------------
See the 'Profiling' chapter of the users' manual for details on interpreting output.
Phase summary info:
   Count: number of times phase was executed
   Time and Flop: Max - maximum over all processes
                  Ratio - ratio of maximum to minimum over all processes
   Mess: number of messages sent
   AvgLen: average message length (bytes)
   Reduct: number of global reductions
   Global: entire computation
   Stage: stages of a computation. Set stages with PetscLogStagePush() and PetscLogStagePop().
      %T - percent time in this phase         %F - percent flop in this phase
      %M - percent messages in this phase     %L - percent message lengths in this phase
      %R - percent reductions in this phase
   Total Mflop/s: 1e-6 * (sum of flop over all processes)/(max time over all processes)
------------------------------------------------------------------------------------------------------------------------
Event                Count      Time (sec)     Flop                              --- Global ---  --- Stage ----  Total
                   Max Ratio  Max     Ratio   Max  Ratio  Mess   AvgLen  Reduct  %T %F %M %L %R  %T %F %M %L %R Mflop/s
------------------------------------------------------------------------------------------------------------------------

--- Event Stage 0: Main Stage

BuildTwoSided         33 1.0 2.6000e-05 1.0 0.00e+00 0.0 0.0e+00 0.0e+00 0.0e+00  0  0  0  0  0   0  0  0  0  0     0
MatMult              372 1.0 7.4442e-02 1.0 2.50e+08 1.0 0.0e+00 0.0e+00 0.0e+00 10 30  0  0  0  10 30  0  0  0  3356
MatMultAdd            56 1.0 4.6250e-03 1.0 1.26e+07 1.0 0.0e+00 0.0e+00 0.0e+00  1  2  0  0  0   1  2  0  0  0  2731
MatMultTranspose      70 1.0 1.5915e-02 1.0 1.58e+07 1.0 0.0e+00 0.0e+00 0.0e+00  2  2  0  0  0   2  2  0  0  0   992
MatSolve               8 1.0 3.7000e-05 1.0 4.10e+03 1.0 0.0e+00 0.0e+00 0.0e+00  0  0  0  0  0   0  0  0  0  0   111
MatSOR               378 1.0 2.8840e-01 1.0 2.28e+08 1.0 0.0e+00 0.0e+00 0.0e+00 38 28  0  0  0  38 28  0  0  0   790
MatLUFactorSym         2 1.0 3.3000e-05 1.0 0.00e+00 0.0 0.0e+00 0.0e+00 0.0e+00  0  0  0  0  0   0  0  0  0  0     0
MatLUFactorNum         2 1.0 3.1000e-05 1.0 2.99e+03 1.0 0.0e+00 0.0e+00 0.0e+00  0  0  0  0  0   0  0  0  0  0    96
MatResidual           56 1.0 1.2330e-02 1.0 3.36e+07 1.0 0.0e+00 0.0e+00 0.0e+00  2  4  0  0  0   2  4  0  0  0  2729
MatAssemblyBegin      33 1.0 9.0000e-06 1.0 0.00e+00 0.0 0.0e+00 0.0e+00 0.0e+00  0  0  0  0  0   0  0  0  0  0     0
MatAssemblyEnd        33 1.0 1.1679e-02 1.0 0.00e+00 0.0 0.0e+00 0.0e+00 0.0e+00  2  0  0  0  0   2  0  0  0  0     0
MatGetRowIJ            2 1.0 6.0000e-06 1.0 0.00e+00 0.0 0.0e+00 0.0e+00 0.0e+00  0  0  0  0  0   0  0  0  0  0     0
MatCreateSubMats       3 1.0 3.5290e-02 1.0 0.00e+00 0.0 0.0e+00 0.0e+00 0.0e+00  5  0  0  0  0   5  0  0  0  0     0
MatGetOrdering         2 1.0 5.4000e-05 1.0 0.00e+00 0.0 0.0e+00 0.0e+00 0.0e+00  0  0  0  0  0   0  0  0  0  0     0
MatPtAPSymbolic       14 1.0 3.2628e-02 1.0 0.00e+00 0.0 0.0e+00 0.0e+00 0.0e+00  4  0  0  0  0   4  0  0  0  0     0
MatPtAPNumeric        14 1.0 4.1007e-02 1.0 3.50e+07 1.0 0.0e+00 0.0e+00 0.0e+00  5  4  0  0  0   5  4  0  0  0   854
MatGetSymTransR       14 1.0 4.5190e-03 1.0 0.00e+00 0.0 0.0e+00 0.0e+00 0.0e+00  1  0  0  0  0   1  0  0  0  0     0
DMCoarsen             14 1.0 4.2810e-03 1.0 0.00e+00 0.0 0.0e+00 0.0e+00 0.0e+00  1  0  0  0  0   1  0  0  0  0     0
DMCreateInterp        14 1.0 3.1425e-02 1.0 3.16e+06 1.0 0.0e+00 0.0e+00 0.0e+00  4  0  0  0  0   4  0  0  0  0   100
DMCreateInject        14 1.0 4.0570e-03 1.0 0.00e+00 0.0 0.0e+00 0.0e+00 0.0e+00  1  0  0  0  0   1  0  0  0  0     0
DMCreateMat            1 1.0 4.0018e-02 1.0 0.00e+00 0.0 0.0e+00 0.0e+00 0.0e+00  5  0  0  0  0   5  0  0  0  0     0
SFSetGraph            33 1.0 1.6072e-02 1.0 0.00e+00 0.0 0.0e+00 0.0e+00 0.0e+00  2  0  0  0  0   2  0  0  0  0     0
SFSetUp               33 1.0 1.3333e-02 1.0 0.00e+00 0.0 0.0e+00 0.0e+00 0.0e+00  2  0  0  0  0   2  0  0  0  0     0
SFPack                19 1.0 0.0000e+00 0.0 0.00e+00 0.0 0.0e+00 0.0e+00 0.0e+00  0  0  0  0  0   0  0  0  0  0     0
SFUnpack              19 1.0 0.0000e+00 0.0 0.00e+00 0.0 0.0e+00 0.0e+00 0.0e+00  0  0  0  0  0   0  0  0  0  0     0
VecView                1 1.0 4.6800e-04 1.0 0.00e+00 0.0 0.0e+00 0.0e+00 0.0e+00  0  0  0  0  0   0  0  0  0  0     0
VecMDot              144 1.0 1.6945e-02 1.0 8.79e+07 1.0 0.0e+00 0.0e+00 0.0e+00  2 11  0  0  0   2 11  0  0  0  5185
VecNorm              159 1.0 2.0780e-03 1.0 2.07e+07 1.0 0.0e+00 0.0e+00 0.0e+00  0  3  0  0  0   0  3  0  0  0  9976
VecScale             163 1.0 1.3640e-03 1.0 1.14e+07 1.0 0.0e+00 0.0e+00 0.0e+00  0  1  0  0  0   0  1  0  0  0  8371
VecCopy              185 1.0 3.0910e-03 1.0 0.00e+00 0.0 0.0e+00 0.0e+00 0.0e+00  0  0  0  0  0   0  0  0  0  0     0
VecSet               166 1.0 3.5910e-03 1.0 0.00e+00 0.0 0.0e+00 0.0e+00 0.0e+00  0  0  0  0  0   0  0  0  0  0     0
VecAXPY               17 1.0 6.1000e-04 1.0 4.56e+06 1.0 0.0e+00 0.0e+00 0.0e+00  0  1  0  0  0   0  1  0  0  0  7482
VecAYPX              336 1.0 7.7580e-03 1.0 2.25e+07 1.0 0.0e+00 0.0e+00 0.0e+00  1  3  0  0  0   1  3  0  0  0  2900
VecAXPBYCZ           112 1.0 2.5820e-03 1.0 2.81e+07 1.0 0.0e+00 0.0e+00 0.0e+00  0  3  0  0  0   0  3  0  0  0 10892
VecMAXPY             159 1.0 1.2013e-02 1.0 1.06e+08 1.0 0.0e+00 0.0e+00 0.0e+00  2 13  0  0  0   2 13  0  0  0  8835
VecReciprocal         14 1.0 1.8100e-04 1.0 0.00e+00 0.0 0.0e+00 0.0e+00 0.0e+00  0  0  0  0  0   0  0  0  0  0     0
VecScatterBegin       19 1.0 2.5970e-03 1.0 0.00e+00 0.0 0.0e+00 0.0e+00 0.0e+00  0  0  0  0  0   0  0  0  0  0     0
VecScatterEnd         19 1.0 1.8000e-05 1.0 0.00e+00 0.0 0.0e+00 0.0e+00 0.0e+00  0  0  0  0  0   0  0  0  0  0     0
VecNormalize         154 1.0 2.6580e-03 1.0 2.32e+07 1.0 0.0e+00 0.0e+00 0.0e+00  0  3  0  0  0   0  3  0  0  0  8729
KSPSetUp               1 1.0 4.8990e-03 1.0 0.00e+00 0.0 0.0e+00 0.0e+00 0.0e+00  1  0  0  0  0   1  0  0  0  0     0
KSPSolve               1 1.0 2.5564e-01 1.0 4.18e+08 1.0 0.0e+00 0.0e+00 0.0e+00 34 51  0  0  0  34 51  0  0  0  1637
KSPGMRESOrthog       144 1.0 2.7539e-02 1.0 1.76e+08 1.0 0.0e+00 0.0e+00 0.0e+00  4 21  0  0  0   4 21  0  0  0  6381
SNESSolve              1 1.0 6.6465e-01 1.0 8.26e+08 1.0 0.0e+00 0.0e+00 0.0e+00 88 100  0  0  0  88 100  0  0  0  1243
SNESSetUp              1 1.0 4.0352e-02 1.0 0.00e+00 0.0 0.0e+00 0.0e+00 0.0e+00  5  0  0  0  0   5  0  0  0  0     0
SNESFunctionEval       1 1.0 2.8340e-03 1.0 4.74e+06 1.0 0.0e+00 0.0e+00 0.0e+00  0  1  0  0  0   0  1  0  0  0  1672
SNESJacobianEval       1 1.0 3.7290e-02 1.0 0.00e+00 0.0 0.0e+00 0.0e+00 0.0e+00  5  0  0  0  0   5  0  0  0  0     0
PCSetUp                1 1.0 5.5177e-02 1.0 0.00e+00 0.0 0.0e+00 0.0e+00 0.0e+00  7  0  0  0  0   7  0  0  0  0     0
PCSetUpOnBlocks        1 1.0 3.0866e-01 1.0 4.02e+08 1.0 0.0e+00 0.0e+00 0.0e+00 41 49  0  0  0  41 49  0  0  0  1302
PCApply                4 1.0 2.3669e-01 1.0 3.44e+08 1.0 0.0e+00 0.0e+00 0.0e+00 32 42  0  0  0  32 42  0  0  0  1455
KSPSolve_FS_0          4 1.0 1.1172e-01 1.0 1.67e+08 1.0 0.0e+00 0.0e+00 0.0e+00 15 20  0  0  0  15 20  0  0  0  1494
KSPSolve_FS_1          4 1.0 1.1757e-01 1.0 1.67e+08 1.0 0.0e+00 0.0e+00 0.0e+00 16 20  0  0  0  16 20  0  0  0  1420
------------------------------------------------------------------------------------------------------------------------

Object Type          Creations   Destructions. Reports information only for process 0.

--- Event Stage 0: Main Stage

           Container     3              1
    Distributed Mesh    31             29
              Matrix    54             54
           Index Set    76             76
   IS L to G Mapping    17             15
   Star Forest Graph    95             89
     Discrete System    31             29
           Weak Form    31             29
              Vector   492            487
                SNES     1              1
              DMSNES     1              0
       Krylov Solver    33             33
     DMKSP interface    15             14
      Preconditioner    33             33
              Viewer     2              2
========================================================================================================================
Average time to get PetscTime(): 1e-07
#PETSc Option Table entries:
-da_refine 8 # (source: file)
-fieldsplit_streamfunction_pc_mg_galerkin # (source: file)
-fieldsplit_streamfunction_pc_mg_levels 8 # (source: file)
-fieldsplit_streamfunction_pc_type mg # (source: file)
-fieldsplit_vorticity_pc_mg_galerkin # (source: file)
-fieldsplit_vorticity_pc_mg_levels 8 # (source: file)
-fieldsplit_vorticity_pc_type mg # (source: file)
-ksp_atol 1.e-10 # (source: file)
-ksp_monitor # (source: file)
-ksp_rtol 1.e-6 # (source: file)
-ksp_type fgmres # (source: file)
-log_view # (source: command line)
-pc_type fieldsplit # (source: file)
#End of PETSc Option Table entries
Compiled without FORTRAN kernels
Compiled with full precision matrices (default)
sizeof(short) 2 sizeof(int) 4 sizeof(long) 8 sizeof(void*) 8 sizeof(PetscScalar) 8 sizeof(PetscInt) 4
Configure options: --with-cc=mpicc --with-cxx=mpicxx --with-fc=mpif90 --with-debugging=0 --with-shared-libraries=1 --COPTFLAGS="-O3 -march=native" --CXXOPTFLAGS="-O3 -march=native" --FOPTFLAGS="-O3 -march=native" --download-hdf5 --download-metis --download-parmetis --download-hypre --download-scalapack --download-mumps --with-petsc4py
-----------------------------------------
Libraries compiled on 2026-02-24 20:25:35 on Daniels-MacBook-Pro-732.local
Machine characteristics: macOS-15.6.1-arm64-arm-64bit
Using PETSc directory: /Users/dan/Desktop/Columbia/HPC_4302/petsc
Using PETSc arch: apma4302-pkgs-opt
-----------------------------------------

Using C compiler: mpicc  -fPIC -Wall -Wwrite-strings -Wno-unknown-pragmas -Wconversion -Wno-sign-conversion -Wno-float-conversion -Wno-implicit-float-conversion -Qunused-arguments -fno-stack-check -fstack-protector -fvisibility=hidden -O3 -march=native 
Using Fortran compiler: mpif90  -fPIC -Wall -ffree-line-length-none -ffree-line-length-0 -Wno-lto-type-mismatch -Wno-unused-dummy-argument -O3 -march=native   
-----------------------------------------

Using include paths: -I/Users/dan/Desktop/Columbia/HPC_4302/petsc/include -I/Users/dan/Desktop/Columbia/HPC_4302/petsc/apma4302-pkgs-opt/include
-----------------------------------------

Using C linker: mpicc
Using Fortran linker: mpif90
Using libraries: -Wl,-rpath,/Users/dan/Desktop/Columbia/HPC_4302/petsc/apma4302-pkgs-opt/lib -L/Users/dan/Desktop/Columbia/HPC_4302/petsc/apma4302-pkgs-opt/lib -lpetsc -Wl,-rpath,/Users/dan/Desktop/Columbia/HPC_4302/petsc/apma4302-pkgs-opt/lib -L/Users/dan/Desktop/Columbia/HPC_4302/petsc/apma4302-pkgs-opt/lib -Wl,-rpath,/opt/homebrew/Cellar/open-mpi/5.0.9/lib -L/opt/homebrew/Cellar/open-mpi/5.0.9/lib -Wl,-rpath,/opt/homebrew/Cellar/gcc/15.2.0/lib/gcc/current/gcc/aarch64-apple-darwin24/15 -L/opt/homebrew/Cellar/gcc/15.2.0/lib/gcc/current/gcc/aarch64-apple-darwin24/15 -Wl,-rpath,/opt/homebrew/Cellar/gcc/15.2.0/lib/gcc/current/gcc -L/opt/homebrew/Cellar/gcc/15.2.0/lib/gcc/current/gcc -Wl,-rpath,/opt/homebrew/Cellar/gcc/15.2.0/lib/gcc/current -L/opt/homebrew/Cellar/gcc/15.2.0/lib/gcc/current -lHYPRE -lsmumps -ldmumps -lcmumps -lzmumps -lmumps_common -lpord -lpthread -lscalapack -llapack -lblas -lhdf5_hl -lhdf5 -lparmetis -lmetis -lmpi_usempif08 -lmpi_usempi_ignore_tkr -lmpi_mpifh -lmpi -lgfortran -lemutls_w -lheapt_w -lgfortran -lquadmath -lc++
-----------------------------------------

