[Daniels-MacBook-Pro-864.local:27795] opal_ifinit: getifaddrs() failed with error=1
[Daniels-MacBook-Pro-864.local:27795] pmix_ifinit: getifaddrs() failed with error=1
[Daniels-MacBook-Pro-864.local:27795] pmix_ifinit: getifaddrs() failed with error=1
    0 KSP Residual norm 9.060417882786e-04
    1 KSP Residual norm 1.280212729965e-15
done on 513 x 513 grid ...
  errors |v-vex|_2/|vex|_2 = 5.19803e-05, |u-uex|_2/|uex|_2 = 1.16590e-04
****************************************************************************************************************************************************************
***                                WIDEN YOUR WINDOW TO 160 CHARACTERS.  Use 'enscript -r -fCourier9' to print this document                                 ***
****************************************************************************************************************************************************************

------------------------------------------------------------------ PETSc Performance Summary: ------------------------------------------------------------------

./biharm on a apma4302-pkgs-opt named Daniels-MacBook-Pro-864.local with 1 process, by dan on Sat Apr 25 15:12:38 2026
Using PETSc Development Git Revision: v3.24.4-530-g65c6dbde5b7 Git Date: 2026-02-24 17:10:46 +0000

                         Max       Max/Min     Avg       Total
Time (sec):           2.219e+00     1.000   2.219e+00
Objects:              0.000e+00     0.000   0.000e+00
Flops:                2.802e+08     1.000   2.802e+08  2.802e+08
Flops/sec:            1.263e+08     1.000   1.263e+08  1.263e+08
MPI Msg Count:        0.000e+00     0.000   0.000e+00  0.000e+00
MPI Msg Len (bytes):  1.200e+01     1.000   0.000e+00  1.200e+01
MPI Reductions:       1.000e+00     1.000

Flop counting convention: 1 flop = 1 real number operation of type (multiply/divide/add/subtract)
                            e.g., VecAXPY() for real vectors of length N --> 2N flops
                            and VecAXPY() for complex vectors of length N --> 8N flops

Summary of Stages:   ----- Time ------  ----- Flop ------  --- Messages ---  -- Message Lengths --  -- Reductions --
                        Avg     %Total     Avg     %Total    Count   %Total     Avg         %Total    Count   %Total
 0:      Main Stage: 2.2186e+00 100.0%  2.8017e+08 100.0%  0.000e+00   0.0%  0.000e+00      100.0%  1.000e+00 100.0%

------------------------------------------------------------------------------------------------------------------------
See the 'Profiling' chapter of the users' manual for details on interpreting output.
Phase summary info:
   Count: number of times phase was executed
   Time and Flop: Max - maximum over all processes
                  Ratio - ratio of maximum to minimum over all processes
   Mess: number of messages sent
   AvgLen: average message length (bytes)
   Reduct: number of global reductions
   Global: entire computation
   Stage: stages of a computation. Set stages with PetscLogStagePush() and PetscLogStagePop().
      %T - percent time in this phase         %F - percent flop in this phase
      %M - percent messages in this phase     %L - percent message lengths in this phase
      %R - percent reductions in this phase
   Total Mflop/s: 1e-6 * (sum of flop over all processes)/(max time over all processes)
------------------------------------------------------------------------------------------------------------------------
Event                Count      Time (sec)     Flop                              --- Global ---  --- Stage ----  Total
                   Max Ratio  Max     Ratio   Max  Ratio  Mess   AvgLen  Reduct  %T %F %M %L %R  %T %F %M %L %R Mflop/s
------------------------------------------------------------------------------------------------------------------------

--- Event Stage 0: Main Stage

BuildTwoSided          2 1.0 5.0000e-06 1.0 0.00e+00 0.0 0.0e+00 0.0e+00 0.0e+00  0  0  0  0  0   0  0  0  0  0     0
MatMult                1 1.0 1.9300e-02 1.0 9.98e+06 1.0 0.0e+00 0.0e+00 0.0e+00  1  4  0  0  0   1  4  0  0  0   517
MatSolve               1 1.0 1.8704e-01 1.0 1.58e+08 1.0 0.0e+00 0.0e+00 0.0e+00  8 56  0  0  0   8 56  0  0  0   846
MatLUFactorSym         1 1.0 8.5116e-01 1.0 0.00e+00 0.0 0.0e+00 0.0e+00 0.0e+00 38  0  0  0  0  38  0  0  0  0     0
MatLUFactorNum         1 1.0 1.0184e+00 1.0 1.02e+08 1.0 0.0e+00 0.0e+00 0.0e+00 46 37  0  0  0  46 37  0  0  0   101
MatAssemblyBegin       2 1.0 1.0000e-06 1.0 0.00e+00 0.0 0.0e+00 0.0e+00 0.0e+00  0  0  0  0  0   0  0  0  0  0     0
MatAssemblyEnd         2 1.0 2.8640e-03 1.0 0.00e+00 0.0 0.0e+00 0.0e+00 0.0e+00  0  0  0  0  0   0  0  0  0  0     0
DMCreateMat            1 1.0 3.9418e-02 1.0 0.00e+00 0.0 0.0e+00 0.0e+00 0.0e+00  2  0  0  0  0   2  0  0  0  0     0
SFSetGraph             2 1.0 5.3010e-03 1.0 0.00e+00 0.0 0.0e+00 0.0e+00 0.0e+00  0  0  0  0  0   0  0  0  0  0     0
SFSetUp                2 1.0 4.2370e-03 1.0 0.00e+00 0.0 0.0e+00 0.0e+00 0.0e+00  0  0  0  0  0   0  0  0  0  0     0
SFPack                 3 1.0 1.0000e-06 1.0 0.00e+00 0.0 0.0e+00 0.0e+00 0.0e+00  0  0  0  0  0   0  0  0  0  0     0
SFUnpack               3 1.0 0.0000e+00 0.0 0.00e+00 0.0 0.0e+00 0.0e+00 0.0e+00  0  0  0  0  0   0  0  0  0  0     0
VecView                1 1.0 4.3700e-04 1.0 0.00e+00 0.0 0.0e+00 0.0e+00 0.0e+00  0  0  0  0  0   0  0  0  0  0     0
VecNorm                2 1.0 2.4220e-03 1.0 2.11e+06 1.0 0.0e+00 0.0e+00 0.0e+00  0  1  0  0  0   0  1  0  0  0   869
VecCopy                2 1.0 6.1400e-04 1.0 0.00e+00 0.0 0.0e+00 0.0e+00 0.0e+00  0  0  0  0  0   0  0  0  0  0     0
VecAXPY                2 1.0 1.6350e-03 1.0 2.11e+06 1.0 0.0e+00 0.0e+00 0.0e+00  0  1  0  0  0   0  1  0  0  0  1288
VecAYPX                1 1.0 1.9100e-04 1.0 5.26e+05 1.0 0.0e+00 0.0e+00 0.0e+00  0  0  0  0  0   0  0  0  0  0  2756
VecScatterBegin        3 1.0 3.6700e-04 1.0 0.00e+00 0.0 0.0e+00 0.0e+00 0.0e+00  0  0  0  0  0   0  0  0  0  0     0
VecScatterEnd          3 1.0 5.0000e-06 1.0 0.00e+00 0.0 0.0e+00 0.0e+00 0.0e+00  0  0  0  0  0   0  0  0  0  0     0
KSPSetUp               1 1.0 1.0000e-06 1.0 0.00e+00 0.0 0.0e+00 0.0e+00 0.0e+00  0  0  0  0  0   0  0  0  0  0     0
KSPSolve               1 1.0 2.0965e-01 1.0 1.71e+08 1.0 0.0e+00 0.0e+00 0.0e+00  9 61  0  0  0   9 61  0  0  0   815
SNESSolve              1 1.0 2.1203e+00 1.0 2.79e+08 1.0 0.0e+00 0.0e+00 0.0e+00 96 100  0  0  0  96 100  0  0  0   132
SNESSetUp              1 1.0 3.9734e-02 1.0 0.00e+00 0.0 0.0e+00 0.0e+00 0.0e+00  2  0  0  0  0   2  0  0  0  0     0
SNESFunctionEval       1 1.0 2.3970e-03 1.0 4.74e+06 1.0 0.0e+00 0.0e+00 0.0e+00  0  2  0  0  0   0  2  0  0  0  1976
SNESJacobianEval       1 1.0 3.7032e-02 1.0 0.00e+00 0.0 0.0e+00 0.0e+00 0.0e+00  2  0  0  0  0   2  0  0  0  0     0
PCSetUp                1 1.0 1.8697e+00 1.0 1.02e+08 1.0 0.0e+00 0.0e+00 0.0e+00 84 37  0  0  0  84 37  0  0  0    55
PCApply                1 1.0 1.8704e-01 1.0 1.58e+08 1.0 0.0e+00 0.0e+00 0.0e+00  8 56  0  0  0   8 56  0  0  0   846
------------------------------------------------------------------------------------------------------------------------

Object Type          Creations   Destructions. Reports information only for process 0.

--- Event Stage 0: Main Stage

           Container     3              1
    Distributed Mesh     2              0
              Matrix     2              2
           Index Set     8              8
   IS L to G Mapping     2              0
   Star Forest Graph     6              0
     Discrete System     2              0
           Weak Form     2              0
              Vector    17             13
                SNES     1              1
              DMSNES     1              0
       Krylov Solver     1              1
     DMKSP interface     1              0
      Preconditioner     1              1
              Viewer     2              2
========================================================================================================================
Average time to get PetscTime(): 0.
#PETSc Option Table entries:
-da_refine 8 # (source: file)
-ksp_monitor # (source: file)
-ksp_type preonly # (source: file)
-log_view # (source: command line)
-pc_factor_mat_solver_type mumps # (source: file)
-pc_type lu # (source: file)
#End of PETSc Option Table entries
Compiled without FORTRAN kernels
Compiled with full precision matrices (default)
sizeof(short) 2 sizeof(int) 4 sizeof(long) 8 sizeof(void*) 8 sizeof(PetscScalar) 8 sizeof(PetscInt) 4
Configure options: --with-cc=mpicc --with-cxx=mpicxx --with-fc=mpif90 --with-debugging=0 --with-shared-libraries=1 --COPTFLAGS="-O3 -march=native" --CXXOPTFLAGS="-O3 -march=native" --FOPTFLAGS="-O3 -march=native" --download-hdf5 --download-metis --download-parmetis --download-hypre --download-scalapack --download-mumps --with-petsc4py
-----------------------------------------
Libraries compiled on 2026-02-24 20:25:35 on Daniels-MacBook-Pro-732.local
Machine characteristics: macOS-15.6.1-arm64-arm-64bit
Using PETSc directory: /Users/dan/Desktop/Columbia/HPC_4302/petsc
Using PETSc arch: apma4302-pkgs-opt
-----------------------------------------

Using C compiler: mpicc  -fPIC -Wall -Wwrite-strings -Wno-unknown-pragmas -Wconversion -Wno-sign-conversion -Wno-float-conversion -Wno-implicit-float-conversion -Qunused-arguments -fno-stack-check -fstack-protector -fvisibility=hidden -O3 -march=native 
Using Fortran compiler: mpif90  -fPIC -Wall -ffree-line-length-none -ffree-line-length-0 -Wno-lto-type-mismatch -Wno-unused-dummy-argument -O3 -march=native   
-----------------------------------------

Using include paths: -I/Users/dan/Desktop/Columbia/HPC_4302/petsc/include -I/Users/dan/Desktop/Columbia/HPC_4302/petsc/apma4302-pkgs-opt/include
-----------------------------------------

Using C linker: mpicc
Using Fortran linker: mpif90
Using libraries: -Wl,-rpath,/Users/dan/Desktop/Columbia/HPC_4302/petsc/apma4302-pkgs-opt/lib -L/Users/dan/Desktop/Columbia/HPC_4302/petsc/apma4302-pkgs-opt/lib -lpetsc -Wl,-rpath,/Users/dan/Desktop/Columbia/HPC_4302/petsc/apma4302-pkgs-opt/lib -L/Users/dan/Desktop/Columbia/HPC_4302/petsc/apma4302-pkgs-opt/lib -Wl,-rpath,/opt/homebrew/Cellar/open-mpi/5.0.9/lib -L/opt/homebrew/Cellar/open-mpi/5.0.9/lib -Wl,-rpath,/opt/homebrew/Cellar/gcc/15.2.0/lib/gcc/current/gcc/aarch64-apple-darwin24/15 -L/opt/homebrew/Cellar/gcc/15.2.0/lib/gcc/current/gcc/aarch64-apple-darwin24/15 -Wl,-rpath,/opt/homebrew/Cellar/gcc/15.2.0/lib/gcc/current/gcc -L/opt/homebrew/Cellar/gcc/15.2.0/lib/gcc/current/gcc -Wl,-rpath,/opt/homebrew/Cellar/gcc/15.2.0/lib/gcc/current -L/opt/homebrew/Cellar/gcc/15.2.0/lib/gcc/current -lHYPRE -lsmumps -ldmumps -lcmumps -lzmumps -lmumps_common -lpord -lpthread -lscalapack -llapack -lblas -lhdf5_hl -lhdf5 -lparmetis -lmetis -lmpi_usempif08 -lmpi_usempi_ignore_tkr -lmpi_mpifh -lmpi -lgfortran -lemutls_w -lheapt_w -lgfortran -lquadmath -lc++
-----------------------------------------

