[compute-host.example:27834] opal_ifinit: getifaddrs() failed with error=1
[compute-host.example:27834] pmix_ifinit: getifaddrs() failed with error=1
[compute-host.example:27834] pmix_ifinit: getifaddrs() failed with error=1
    0 KSP Residual norm 9.060417882786e-04
    1 KSP Residual norm 1.295007054200e-15
done on 513 x 513 grid ...
  errors |v-vex|_2/|vex|_2 = 5.19803e-05, |u-uex|_2/|uex|_2 = 1.16590e-04
****************************************************************************************************************************************************************
***                                WIDEN YOUR WINDOW TO 160 CHARACTERS.  Use 'enscript -r -fCourier9' to print this document                                 ***
****************************************************************************************************************************************************************

------------------------------------------------------------------ PETSc Performance Summary: ------------------------------------------------------------------

./biharm on a apma4302-pkgs-opt named compute-host.example with 1 process, by user on Sat Apr 25 15:12:45 2026
Using PETSc Development Git Revision: v3.24.4-530-g65c6dbde5b7 Git Date: 2026-02-24 17:10:46 +0000

                         Max       Max/Min     Avg       Total
Time (sec):           2.735e+00     1.000   2.735e+00
Objects:              0.000e+00     0.000   0.000e+00
Flops:                1.658e+08     1.000   1.658e+08  1.658e+08
Flops/sec:            6.060e+07     1.000   6.060e+07  6.060e+07
MPI Msg Count:        0.000e+00     0.000   0.000e+00  0.000e+00
MPI Msg Len (bytes):  1.200e+01     1.000   0.000e+00  1.200e+01
MPI Reductions:       1.000e+00     1.000

Flop counting convention: 1 flop = 1 real number operation of type (multiply/divide/add/subtract)
                            e.g., VecAXPY() for real vectors of length N --> 2N flops
                            and VecAXPY() for complex vectors of length N --> 8N flops

Summary of Stages:   ----- Time ------  ----- Flop ------  --- Messages ---  -- Message Lengths --  -- Reductions --
                        Avg     %Total     Avg     %Total    Count   %Total     Avg         %Total    Count   %Total
 0:      Main Stage: 2.7354e+00 100.0%  1.6578e+08 100.0%  0.000e+00   0.0%  0.000e+00      100.0%  1.000e+00 100.0%

------------------------------------------------------------------------------------------------------------------------
See the 'Profiling' chapter of the users' manual for details on interpreting output.
Phase summary info:
   Count: number of times phase was executed
   Time and Flop: Max - maximum over all processes
                  Ratio - ratio of maximum to minimum over all processes
   Mess: number of messages sent
   AvgLen: average message length (bytes)
   Reduct: number of global reductions
   Global: entire computation
   Stage: stages of a computation. Set stages with PetscLogStagePush() and PetscLogStagePop().
      %T - percent time in this phase         %F - percent flop in this phase
      %M - percent messages in this phase     %L - percent message lengths in this phase
      %R - percent reductions in this phase
   Total Mflop/s: 1e-6 * (sum of flop over all processes)/(max time over all processes)
------------------------------------------------------------------------------------------------------------------------
Event                Count      Time (sec)     Flop                              --- Global ---  --- Stage ----  Total
                   Max Ratio  Max     Ratio   Max  Ratio  Mess   AvgLen  Reduct  %T %F %M %L %R  %T %F %M %L %R Mflop/s
------------------------------------------------------------------------------------------------------------------------

--- Event Stage 0: Main Stage

BuildTwoSided          5 1.0 1.1000e-05 1.0 0.00e+00 0.0 0.0e+00 0.0e+00 0.0e+00  0  0  0  0  0   0  0  0  0  0     0
MatMult                2 1.0 1.3738e-02 1.0 1.23e+07 1.0 0.0e+00 0.0e+00 0.0e+00  1  7  0  0  0   1  7  0  0  0   899
MatSolve               2 1.0 7.6309e-02 1.0 9.34e+07 1.0 0.0e+00 0.0e+00 0.0e+00  3 56  0  0  0   3 56  0  0  0  1224
MatLUFactorSym         2 1.0 1.8255e+00 1.0 0.00e+00 0.0 0.0e+00 0.0e+00 0.0e+00 67  0  0  0  0  67  0  0  0  0     0
MatLUFactorNum         2 1.0 5.9898e-01 1.0 4.56e+07 1.0 0.0e+00 0.0e+00 0.0e+00 22 27  0  0  0  22 27  0  0  0    76
MatAssemblyBegin       5 1.0 4.0000e-06 1.0 0.00e+00 0.0 0.0e+00 0.0e+00 0.0e+00  0  0  0  0  0   0  0  0  0  0     0
MatAssemblyEnd         5 1.0 7.6850e-03 1.0 0.00e+00 0.0 0.0e+00 0.0e+00 0.0e+00  0  0  0  0  0   0  0  0  0  0     0
MatCreateSubMats       3 1.0 4.2532e-02 1.0 0.00e+00 0.0 0.0e+00 0.0e+00 0.0e+00  2  0  0  0  0   2  0  0  0  0     0
DMCreateMat            1 1.0 3.9503e-02 1.0 0.00e+00 0.0 0.0e+00 0.0e+00 0.0e+00  1  0  0  0  0   1  0  0  0  0     0
SFSetGraph             5 1.0 1.3512e-02 1.0 0.00e+00 0.0 0.0e+00 0.0e+00 0.0e+00  0  0  0  0  0   0  0  0  0  0     0
SFSetUp                5 1.0 1.0561e-02 1.0 0.00e+00 0.0 0.0e+00 0.0e+00 0.0e+00  0  0  0  0  0   0  0  0  0  0     0
SFPack                 7 1.0 2.0000e-06 1.0 0.00e+00 0.0 0.0e+00 0.0e+00 0.0e+00  0  0  0  0  0   0  0  0  0  0     0
SFUnpack               7 1.0 0.0000e+00 0.0 0.00e+00 0.0 0.0e+00 0.0e+00 0.0e+00  0  0  0  0  0   0  0  0  0  0     0
VecView                1 1.0 5.0400e-04 1.0 0.00e+00 0.0 0.0e+00 0.0e+00 0.0e+00  0  0  0  0  0   0  0  0  0  0     0
VecMDot                1 1.0 1.8700e-04 1.0 1.05e+06 1.0 0.0e+00 0.0e+00 0.0e+00  0  1  0  0  0   0  1  0  0  0  5629
VecNorm                2 1.0 2.2000e-04 1.0 2.11e+06 1.0 0.0e+00 0.0e+00 0.0e+00  0  1  0  0  0   0  1  0  0  0  9570
VecScale               3 1.0 1.3200e-04 1.0 1.32e+06 1.0 0.0e+00 0.0e+00 0.0e+00  0  1  0  0  0   0  1  0  0  0  9969
VecCopy                5 1.0 4.7620e-03 1.0 0.00e+00 0.0 0.0e+00 0.0e+00 0.0e+00  0  0  0  0  0   0  0  0  0  0     0
VecSet                 3 1.0 5.8310e-03 1.0 0.00e+00 0.0 0.0e+00 0.0e+00 0.0e+00  0  0  0  0  0   0  0  0  0  0     0
VecAXPY                3 1.0 1.2250e-03 1.0 3.16e+06 1.0 0.0e+00 0.0e+00 0.0e+00  0  2  0  0  0   0  2  0  0  0  2578
VecMAXPY               2 1.0 5.0800e-04 1.0 2.11e+06 1.0 0.0e+00 0.0e+00 0.0e+00  0  1  0  0  0   0  1  0  0  0  4144
VecScatterBegin        7 1.0 2.4150e-03 1.0 0.00e+00 0.0 0.0e+00 0.0e+00 0.0e+00  0  0  0  0  0   0  0  0  0  0     0
VecScatterEnd          7 1.0 1.2000e-05 1.0 0.00e+00 0.0 0.0e+00 0.0e+00 0.0e+00  0  0  0  0  0   0  0  0  0  0     0
KSPSetUp               1 1.0 5.6700e-03 1.0 0.00e+00 0.0 0.0e+00 0.0e+00 0.0e+00  0  0  0  0  0   0  0  0  0  0     0
KSPSolve               1 1.0 1.0239e-01 1.0 1.13e+08 1.0 0.0e+00 0.0e+00 0.0e+00  4 68  0  0  0   4 68  0  0  0  1107
KSPGMRESOrthog         1 1.0 5.4300e-04 1.0 2.11e+06 1.0 0.0e+00 0.0e+00 0.0e+00  0  1  0  0  0   0  1  0  0  0  3877
SNESSolve              1 1.0 2.6370e+00 1.0 1.65e+08 1.0 0.0e+00 0.0e+00 0.0e+00 96 99  0  0  0  96 99  0  0  0    62
SNESSetUp              1 1.0 3.9796e-02 1.0 0.00e+00 0.0 0.0e+00 0.0e+00 0.0e+00  1  0  0  0  0   1  0  0  0  0     0
SNESFunctionEval       1 1.0 2.9680e-03 1.0 4.74e+06 1.0 0.0e+00 0.0e+00 0.0e+00  0  3  0  0  0   0  3  0  0  0  1596
SNESJacobianEval       1 1.0 3.7060e-02 1.0 0.00e+00 0.0 0.0e+00 0.0e+00 0.0e+00  1  0  0  0  0   1  0  0  0  0     0
PCSetUp                1 1.0 6.3344e-02 1.0 0.00e+00 0.0 0.0e+00 0.0e+00 0.0e+00  2  0  0  0  0   2  0  0  0  0     0
PCSetUpOnBlocks        1 1.0 2.4247e+00 1.0 4.56e+07 1.0 0.0e+00 0.0e+00 0.0e+00 89 27  0  0  0  89 27  0  0  0    19
PCApply                1 1.0 9.1180e-02 1.0 9.60e+07 1.0 0.0e+00 0.0e+00 0.0e+00  3 58  0  0  0   3 58  0  0  0  1053
KSPSolve_FS_0          1 1.0 4.1144e-02 1.0 4.67e+07 1.0 0.0e+00 0.0e+00 0.0e+00  2 28  0  0  0   2 28  0  0  0  1135
KSPSolve_FS_1          1 1.0 3.5193e-02 1.0 4.67e+07 1.0 0.0e+00 0.0e+00 0.0e+00  1 28  0  0  0   1 28  0  0  0  1327
------------------------------------------------------------------------------------------------------------------------

Object Type          Creations   Destructions. Reports information only for process 0.

--- Event Stage 0: Main Stage

           Container     3              1
    Distributed Mesh     3              1
              Matrix     8              8
           Index Set    14             14
   IS L to G Mapping     3              1
   Star Forest Graph    11              5
     Discrete System     3              1
           Weak Form     3              1
              Vector    43             38
                SNES     1              1
              DMSNES     1              0
       Krylov Solver     3              3
     DMKSP interface     1              0
      Preconditioner     3              3
              Viewer     2              2
========================================================================================================================
Average time to get PetscTime(): 0.
#PETSc Option Table entries:
-da_refine 8 # (source: file)
-fieldsplit_streamfunction_pc_factor_mat_solver_type mumps # (source: file)
-fieldsplit_streamfunction_pc_type lu # (source: file)
-fieldsplit_vorticity_pc_factor_mat_solver_type mumps # (source: file)
-fieldsplit_vorticity_pc_type lu # (source: file)
-ksp_atol 1.e-10 # (source: file)
-ksp_monitor # (source: file)
-ksp_rtol 1.e-6 # (source: file)
-ksp_type fgmres # (source: file)
-log_view # (source: command line)
-pc_fieldsplit_type multiplicative # (source: file)
-pc_type fieldsplit # (source: file)
#End of PETSc Option Table entries
Compiled without FORTRAN kernels
Compiled with full precision matrices (default)
sizeof(short) 2 sizeof(int) 4 sizeof(long) 8 sizeof(void*) 8 sizeof(PetscScalar) 8 sizeof(PetscInt) 4
Configure options: --with-cc=mpicc --with-cxx=mpicxx --with-fc=mpif90 --with-debugging=0 --with-shared-libraries=1 --COPTFLAGS="-O3 -march=native" --CXXOPTFLAGS="-O3 -march=native" --FOPTFLAGS="-O3 -march=native" --download-hdf5 --download-metis --download-parmetis --download-hypre --download-scalapack --download-mumps --with-petsc4py
-----------------------------------------
Libraries compiled on 2026-02-24 20:25:35 on build-host.example
Machine characteristics: macOS-15.6.1-arm64-arm-64bit
Using PETSc directory: /path/to/petsc
Using PETSc arch: apma4302-pkgs-opt
-----------------------------------------

Using C compiler: mpicc  -fPIC -Wall -Wwrite-strings -Wno-unknown-pragmas -Wconversion -Wno-sign-conversion -Wno-float-conversion -Wno-implicit-float-conversion -Qunused-arguments -fno-stack-check -fstack-protector -fvisibility=hidden -O3 -march=native 
Using Fortran compiler: mpif90  -fPIC -Wall -ffree-line-length-none -ffree-line-length-0 -Wno-lto-type-mismatch -Wno-unused-dummy-argument -O3 -march=native   
-----------------------------------------

Using include paths: -I/path/to/petsc/include -I/path/to/petsc/apma4302-pkgs-opt/include
-----------------------------------------

Using C linker: mpicc
Using Fortran linker: mpif90
Using libraries: -Wl,-rpath,/path/to/petsc/apma4302-pkgs-opt/lib -L/path/to/petsc/apma4302-pkgs-opt/lib -lpetsc -Wl,-rpath,/path/to/petsc/apma4302-pkgs-opt/lib -L/path/to/petsc/apma4302-pkgs-opt/lib -Wl,-rpath,/path/to/homebrew/Cellar/open-mpi/5.0.9/lib -L/path/to/homebrew/Cellar/open-mpi/5.0.9/lib -Wl,-rpath,/path/to/homebrew/Cellar/gcc/15.2.0/lib/gcc/current/gcc/aarch64-apple-darwin24/15 -L/path/to/homebrew/Cellar/gcc/15.2.0/lib/gcc/current/gcc/aarch64-apple-darwin24/15 -Wl,-rpath,/path/to/homebrew/Cellar/gcc/15.2.0/lib/gcc/current/gcc -L/path/to/homebrew/Cellar/gcc/15.2.0/lib/gcc/current/gcc -Wl,-rpath,/path/to/homebrew/Cellar/gcc/15.2.0/lib/gcc/current -L/path/to/homebrew/Cellar/gcc/15.2.0/lib/gcc/current -lHYPRE -lsmumps -ldmumps -lcmumps -lzmumps -lmumps_common -lpord -lpthread -lscalapack -llapack -lblas -lhdf5_hl -lhdf5 -lparmetis -lmetis -lmpi_usempif08 -lmpi_usempi_ignore_tkr -lmpi_mpifh -lmpi -lgfortran -lemutls_w -lheapt_w -lgfortran -lquadmath -lc++
-----------------------------------------

